Modified McCabe Cyclomatic Complexity
|   Traditional McCabe Cyclomatic Complexity
|       |    # Statements in function
|       |        |   First line of function
|       |        |       |   # lines in function
|       |        |       |       |  filename(definition line number):function
|       |        |       |       |           |
0	0	1	n/a	7	Total
   CSL PCT  NCSL PCT  TOTAL  FILENAME
     1  14     6  86      7  test010
     1  14     6  86      7  (total files: 1)
filename	definition line number	function	# Parameters	# Returns	Modified McCabe Cyclomatic Complexity	Traditional McCabe Cyclomatic Complexity	for	while	case	if	Myers Interval	?	# Statements in function	# lines in function	LOC	lLOC
test010	n/a	n/a	0	0	0	0	0	0	0	0	0	0	1	7	1	1
Total	n/a	n/a	0	0	0	0	0	0	0	0	0	0	1	7	1	1
